Building for debugging...
[0/3] Write swift-version--58304C5D6DBC2206.txt
Build of product 'NuISPTool' complete! (0.10s)
━━━━━━━━━━━━━━━━━━━━━━━━━━━━━━━━━━━━━━━━
🛠  Nuvoton ISP 命令列工具 v1.0
━━━━━━━━━━━━━━━━━━━━━━━━━━━━━━━━━━━━━━━━
🔗 通訊介面: USB

🔍 正在搜尋 USB 設備...
✅ 找到 Nuvoton 設備:
   VID: 0x0416
   PID: 0x3F00
   報告大小: 64 位元組
✅ USB 設備已連接

📡 發送連接命令...
📤 USB 發送: AE 00 00 00 01 00 00 00 00 00 00 00 00 00 00 00 00 00 00 00 00 00 00 00 00 00 00 00 00 00 00 00 00 00 00 00 00 00 00 00 00 00 00 00 00 00 00 00 00 00 00 00 00 00 00 00 00 00 00 00 00 00 00 00
📥 USB 接收: AF 00 00 00 02 00 00 00 3F FF FF FF FF FF FF FF 5A 5A FF FF FF FF FF FF 00 00 00 00 00 00 00 00 00 00 00 00 00 00 00 00 00 00 00 00 00 00 00 00 00 00 00 00 00 00 00 00 00 00 00 00 00 00 00 00
✅ 設備連接成功
🔍 讀取設備 ID...
📤 USB 發送: B1 00 00 00 03 00 00 00 00 00 00 00 00 00 00 00 00 00 00 00 00 00 00 00 00 00 00 00 00 00 00 00 00 00 00 00 00 00 00 00 00 00 00 00 00 00 00 00 00 00 00 00 00 00 00 00 00 00 00 00 00 00 00 00
📥 USB 接收: B4 00 00 00 04 00 00 00 60 67 B4 01 FF FF FF FF 5A 5A FF FF FF FF FF FF 00 00 00 00 00 00 00 00 00 00 00 00 00 00 00 00 00 00 00 00 00 00 00 00 00 00 00 00 00 00 00 00 00 00 00 00 00 00 00 00
✅ 設備 ID: 0x01B46760

⚠️  Data Flash 需要指定起始位址
💡 目前預設使用 0x0，請根據晶片規格調整
🚀 開始更新 Data Flash...
   檔案: tests/tmp/dataflash_random.bin
   起始位址: 0x00000000
   檔案大小: 2048 位元組
📤 USB 發送: C3 00 00 00 05 00 00 00 00 00 00 00 00 08 00 00 F4 D1 AE 73 CC 7F D2 B8 CC 9C C0 A7 87 6C 8C 72 3E 56 BA BC 85 52 DA 1B 26 DC 6B 23 18 F3 BD 60 6C 71 8C 11 74 BC 2D B0 D0 66 04 EB 85 D4 29 B9
📥 USB 接收: C0 1A 00 00 06 00 00 00 3F FF FF FF FF FF FF FF 5A 5A FF FF FF FF FF FF 00 00 00 00 00 00 00 00 00 00 00 00 00 00 00 00 00 00 00 00 00 00 00 00 00 00 00 00 00 00 00 00 00 00 00 00 00 00 00 00
   進度: 2% (1/37 包)
📤 USB 發送: 00 00 00 00 07 00 00 00 0C DB 0A 8A D4 7F 86 60 1A 5A D6 60 75 8F DA 1A A6 85 25 E3 36 CC 46 A7 F4 1C EC 1A 94 A8 F1 C9 81 BA CC F1 B6 1C C4 EC 93 00 29 19 CA 7E D9 46 29 53 6F 5E CC BF 24 63
📥 USB 接收: 9C 1C 00 00 08 00 00 00 00 00 FF FF FF FF FF FF 5A 5A FF FF FF FF FF FF 00 00 00 00 00 00 00 00 00 00 00 00 00 00 00 00 00 00 00 00 00 00 00 00 00 00 00 00 00 00 00 00 00 00 00 00 00 00 00 00
   進度: 5% (2/37 包)
📤 USB 發送: 00 00 00 00 09 00 00 00 E9 09 C3 52 59 75 EF 75 52 39 CF 08 0F A4 0C D0 54 57 DA EF 17 AF 7E 5B 7C 3C A9 62 25 95 F1 FE 72 13 E1 94 8F 4C 19 3A EF 7B EE DD A0 86 95 F8 36 14 C1 66 46 2C D1 D6
📥 USB 接收: 4C 1C 00 00 0A 00 00 00 00 00 FF FF FF FF FF FF 5A 5A FF FF FF FF FF FF 00 00 00 00 00 00 00 00 00 00 00 00 00 00 00 00 00 00 00 00 00 00 00 00 00 00 00 00 00 00 00 00 00 00 00 00 00 00 00 00
   進度: 8% (3/37 包)
📤 USB 發送: 00 00 00 00 0B 00 00 00 3E 50 ED B8 3A C6 75 9C 00 01 30 8E 36 BE 7E 57 56 73 D4 A4 A0 0D 7D 58 FF C0 D0 8F D7 6D 63 A4 08 B3 4A E5 C7 49 D8 8D 5A 76 26 2B 2C 0D 02 B9 F3 D2 B0 FD 4E 7D C8 B3
📥 USB 接收: 2F 1C 00 00 0C 00 00 00 00 00 FF FF FF FF FF FF 5A 5A FF FF FF FF FF FF 00 00 00 00 00 00 00 00 00 00 00 00 00 00 00 00 00 00 00 00 00 00 00 00 00 00 00 00 00 00 00 00 00 00 00 00 00 00 00 00
   進度: 10% (4/37 包)
📤 USB 發送: 00 00 00 00 0D 00 00 00 56 7A 9A 2F CD 34 9F E7 A0 C2 E3 C5 08 2B 6F 73 04 AC E7 F2 9E 8F FB 66 64 40 92 2B 58 2D 85 D3 A5 07 9E 4F 61 6D E4 27 F5 9D E0 A0 43 0C 46 32 AC 96 75 01 69 2A B9 E2
📥 USB 接收: D2 1B 00 00 0E 00 00 00 00 00 FF FF FF FF FF FF 5A 5A FF FF FF FF FF FF 00 00 00 00 00 00 00 00 00 00 00 00 00 00 00 00 00 00 00 00 00 00 00 00 00 00 00 00 00 00 00 00 00 00 00 00 00 00 00 00
   進度: 13% (5/37 包)
📤 USB 發送: 00 00 00 00 0F 00 00 00 59 47 24 F0 0E 42 BF 2A 3E D9 AA 5F EF 4A 0B 95 1B 3E 33 75 A9 66 B1 94 DE 0D 23 99 F8 E4 4B B1 25 51 A6 06 2F 33 A8 FA C9 E1 AA ED 6F 47 A1 15 0C 99 69 7E 3A 1F E0 5F
📥 USB 接收: C0 19 00 00 10 00 00 00 00 00 FF FF FF FF FF FF 5A 5A FF FF FF FF FF FF 00 00 00 00 00 00 00 00 00 00 00 00 00 00 00 00 00 00 00 00 00 00 00 00 00 00 00 00 00 00 00 00 00 00 00 00 00 00 00 00
   進度: 16% (6/37 包)
📤 USB 發送: 00 00 00 00 11 00 00 00 3C B9 20 87 74 2A 28 E2 24 83 D7 E0 12 DB 45 12 94 04 DC 02 E8 58 58 72 54 0E B6 C6 CF D7 FE E4 A4 12 01 61 46 BE E1 52 29 50 B8 B2 0A E1 B5 93 9C DB 41 6A E0 3B 99 0B
📥 USB 接收: 23 1B 00 00 12 00 00 00 00 00 FF FF FF FF FF FF 5A 5A FF FF FF FF FF FF 00 00 00 00 00 00 00 00 00 00 00 00 00 00 00 00 00 00 00 00 00 00 00 00 00 00 00 00 00 00 00 00 00 00 00 00 00 00 00 00
   進度: 18% (7/37 包)
📤 USB 發送: 00 00 00 00 13 00 00 00 18 F0 2E DD 18 4B F1 43 78 04 A2 89 96 17 EA 8F 78 0F 48 B8 DA 7D 21 DE 76 32 3E 40 28 1E 20 69 B5 69 65 43 3C 40 09 AC D3 73 9D 73 C9 B5 BF 98 12 1F 78 12 CB 8C 49 FB
📥 USB 接收: D4 18 00 00 14 00 00 00 00 00 FF FF FF FF FF FF 5A 5A FF FF FF FF FF FF 00 00 00 00 00 00 00 00 00 00 00 00 00 00 00 00 00 00 00 00 00 00 00 00 00 00 00 00 00 00 00 00 00 00 00 00 00 00 00 00
   進度: 21% (8/37 包)
📤 USB 發送: 00 00 00 00 15 00 00 00 CC DC 84 ED E7 62 2C B6 7A 7C 13 F3 63 F6 7B E8 B4 22 FE C3 9C 20 B9 3D E3 7D D7 92 88 8B B9 70 CC AA 1E 02 92 12 6C 75 60 EF 5D C1 47 6E 5F 07 B0 8D A8 DF F8 C5 F2 93
📥 USB 接收: 08 20 00 00 16 00 00 00 00 00 FF FF FF FF FF FF 5A 5A FF FF FF FF FF FF 00 00 00 00 00 00 00 00 00 00 00 00 00 00 00 00 00 00 00 00 00 00 00 00 00 00 00 00 00 00 00 00 00 00 00 00 00 00 00 00
   進度: 24% (9/37 包)
📤 USB 發送: 00 00 00 00 17 00 00 00 10 E4 DA C9 A8 72 5A DF 01 85 FD CE 48 60 31 C1 D9 78 5A 5E FF B6 7F 2E 00 F8 AB 2F 38 0B EE E0 9F FC 58 22 1A E3 B7 71 1A D2 22 8A 48 D3 3E 5A 36 BF 04 58 E2 7F 75 44
📥 USB 接收: 2A 1C 00 00 18 00 00 00 00 00 FF FF FF FF FF FF 5A 5A FF FF FF FF FF FF 00 00 00 00 00 00 00 00 00 00 00 00 00 00 00 00 00 00 00 00 00 00 00 00 00 00 00 00 00 00 00 00 00 00 00 00 00 00 00 00
   進度: 27% (10/37 包)
📤 USB 發送: 00 00 00 00 19 00 00 00 0A 18 7A EB A1 63 ED E2 74 06 2B 2B CC 9F 95 EB 86 6E 39 DD BA 64 1A 03 44 A4 0C 84 34 7F 97 65 DB 67 82 C2 50 20 D5 04 71 10 1F 92 53 18 24 30 CF C5 37 69 F3 25 50 E1
📥 USB 接收: D7 18 00 00 1A 00 00 00 00 00 FF FF FF FF FF FF 5A 5A FF FF FF FF FF FF 00 00 00 00 00 00 00 00 00 00 00 00 00 00 00 00 00 00 00 00 00 00 00 00 00 00 00 00 00 00 00 00 00 00 00 00 00 00 00 00
   進度: 29% (11/37 包)
📤 USB 發送: 00 00 00 00 1B 00 00 00 00 D4 02 62 66 4C 89 D4 80 9D C1 04 0C 44 67 EA 9F B9 2C 3F 71 27 23 EA 1D 88 B2 F1 DC 63 54 B4 47 24 CB 5D 09 EA DB 46 B3 70 EA DB F7 F7 AD FD B2 61 FF 1A 18 A7 11 56
📥 USB 接收: 55 1C 00 00 1C 00 00 00 00 00 FF FF FF FF FF FF 5A 5A FF FF FF FF FF FF 00 00 00 00 00 00 00 00 00 00 00 00 00 00 00 00 00 00 00 00 00 00 00 00 00 00 00 00 00 00 00 00 00 00 00 00 00 00 00 00
   進度: 32% (12/37 包)
📤 USB 發送: 00 00 00 00 1D 00 00 00 3D 2B 15 AE 47 BF C9 F9 A9 03 99 04 43 B3 04 BC 58 87 91 C6 92 86 04 60 49 F3 69 45 72 2F E5 E7 A2 E1 A6 EC 1B 30 C2 9F 6C 45 98 B1 78 C9 2E D9 A5 4A D0 B1 AA 68 6D D1
📥 USB 接收: DB 1C 00 00 1E 00 00 00 00 00 FF FF FF FF FF FF 5A 5A FF FF FF FF FF FF 00 00 00 00 00 00 00 00 00 00 00 00 00 00 00 00 00 00 00 00 00 00 00 00 00 00 00 00 00 00 00 00 00 00 00 00 00 00 00 00
   進度: 35% (13/37 包)
📤 USB 發送: 00 00 00 00 1F 00 00 00 0F E0 8C 23 E6 E0 E3 C4 9F 11 B6 6C 47 6F 1A DD F5 E3 25 E5 B2 0C 45 34 7A B5 03 6A A3 6C 04 1B 78 A6 2A 5D E1 33 1D A0 B1 AB 7F AE 1E 67 23 F3 EB 3E 2E 59 72 A2 B5 05
📥 USB 接收: A4 1A 00 00 20 00 00 00 00 00 FF FF FF FF FF FF 5A 5A FF FF FF FF FF FF 00 00 00 00 00 00 00 00 00 00 00 00 00 00 00 00 00 00 00 00 00 00 00 00 00 00 00 00 00 00 00 00 00 00 00 00 00 00 00 00
   進度: 37% (14/37 包)
📤 USB 發送: 00 00 00 00 21 00 00 00 9D 40 34 59 91 D4 76 E8 AF 6C BB 6B 0B 92 DF 57 66 B3 1D C3 EC 0F 5A 48 3F 7E 16 88 6E 7A A7 4C 3D 5C 09 1C 64 F7 4D A2 CD 6B 33 D7 22 07 CC 79 16 C8 0A FF D5 F5 A2 C7
📥 USB 接收: 00 1B 00 00 22 00 00 00 00 00 FF FF FF FF FF FF 5A 5A FF FF FF FF FF FF 00 00 00 00 00 00 00 00 00 00 00 00 00 00 00 00 00 00 00 00 00 00 00 00 00 00 00 00 00 00 00 00 00 00 00 00 00 00 00 00
   進度: 40% (15/37 包)
📤 USB 發送: 00 00 00 00 23 00 00 00 B7 6A 88 D0 9C 1D 36 45 7F 29 16 7D 33 FB 90 87 CB 6E D0 66 8C 30 45 AE 65 B5 7B 59 32 65 72 47 EA 89 0F 49 0F 87 55 43 21 CD 82 BF 67 4C 05 44 FF 51 30 61 94 92 34 35
📥 USB 接收: 40 18 00 00 24 00 00 00 00 00 FF FF FF FF FF FF 5A 5A FF FF FF FF FF FF 00 00 00 00 00 00 00 00 00 00 00 00 00 00 00 00 00 00 00 00 00 00 00 00 00 00 00 00 00 00 00 00 00 00 00 00 00 00 00 00
   進度: 43% (16/37 包)
📤 USB 發送: 00 00 00 00 25 00 00 00 39 F6 9B E8 DF 02 A8 9E 61 E1 66 90 A3 8D 95 71 D9 F6 44 A8 C3 D3 86 BA 5F 36 34 AD 25 75 C0 57 7B 31 22 12 FF E6 BA AB 15 30 8D D8 43 20 EA E9 00 23 F8 8B 8B 6B BD F9
📥 USB 接收: 80 1E 00 00 26 00 00 00 00 00 FF FF FF FF FF FF 5A 5A FF FF FF FF FF FF 00 00 00 00 00 00 00 00 00 00 00 00 00 00 00 00 00 00 00 00 00 00 00 00 00 00 00 00 00 00 00 00 00 00 00 00 00 00 00 00
   進度: 45% (17/37 包)
📤 USB 發送: 00 00 00 00 27 00 00 00 13 2D 75 D7 8A 73 1A D9 AA 7B 34 84 40 1C 07 7C 74 41 58 01 2E 47 84 35 36 0E 9C BB 03 6B 6D B6 F1 4B 56 76 92 77 32 F4 59 2C 23 8A F2 6E 06 61 19 E0 6F 95 9F 4E 94 BA
📥 USB 接收: 2F 17 00 00 28 00 00 00 00 00 FF FF FF FF FF FF 5A 5A FF FF FF FF FF FF 00 00 00 00 00 00 00 00 00 00 00 00 00 00 00 00 00 00 00 00 00 00 00 00 00 00 00 00 00 00 00 00 00 00 00 00 00 00 00 00
   進度: 48% (18/37 包)
📤 USB 發送: 00 00 00 00 29 00 00 00 82 DB 7D 4E CD 24 CC 91 22 98 1F 7C E0 FE B2 99 76 10 E5 D6 82 97 AC 4B B8 AA 07 80 53 C9 0E 08 DE BD BE AF CB 85 8D 10 1D A8 76 B6 94 98 32 91 79 EC FA CB C4 FF ED 33
📥 USB 接收: 6B 1F 00 00 2A 00 00 00 00 00 FF FF FF FF FF FF 5A 5A FF FF FF FF FF FF 00 00 00 00 00 00 00 00 00 00 00 00 00 00 00 00 00 00 00 00 00 00 00 00 00 00 00 00 00 00 00 00 00 00 00 00 00 00 00 00
   進度: 51% (19/37 包)
📤 USB 發送: 00 00 00 00 2B 00 00 00 FA 38 C8 5D D3 16 19 01 B3 B8 B0 A2 3F F1 82 97 A1 C8 D6 3C 05 9F CD 2A 03 83 C2 23 51 80 08 90 76 37 49 C7 CA 29 C9 FC C8 B9 B2 38 62 B8 62 4C DD 45 E6 29 C2 1E 3C 04
📥 USB 接收: 6E 1B 00 00 2C 00 00 00 00 00 FF FF FF FF FF FF 5A 5A FF FF FF FF FF FF 00 00 00 00 00 00 00 00 00 00 00 00 00 00 00 00 00 00 00 00 00 00 00 00 00 00 00 00 00 00 00 00 00 00 00 00 00 00 00 00
   進度: 54% (20/37 包)
📤 USB 發送: 00 00 00 00 2D 00 00 00 23 F1 B2 81 F3 19 82 4F C1 D7 22 BA 30 39 37 09 4E 48 22 2D A9 AC 8B B0 4F 8F 7A F7 19 F7 AB 53 2C 86 2A 91 13 61 D3 1E 3D 20 59 24 5A F3 1D CF 83 48 7B 9B 29 6B 78 95
📥 USB 接收: A7 18 00 00 2E 00 00 00 00 00 FF FF FF FF FF FF 5A 5A FF FF FF FF FF FF 00 00 00 00 00 00 00 00 00 00 00 00 00 00 00 00 00 00 00 00 00 00 00 00 00 00 00 00 00 00 00 00 00 00 00 00 00 00 00 00
   進度: 56% (21/37 包)
📤 USB 發送: 00 00 00 00 2F 00 00 00 61 FD 84 92 4D 38 82 2F E7 BB 57 DD CC 70 FD 20 31 8D 98 40 94 9D 4C F3 41 C6 0E 82 10 B7 6A EE C8 31 DA 1F 43 C4 86 F1 B9 B8 49 B1 A9 3C A3 B7 7D A2 79 C9 BE E4 00 D6
📥 USB 接收: B7 1E 00 00 30 00 00 00 00 00 FF FF FF FF FF FF 5A 5A FF FF FF FF FF FF 00 00 00 00 00 00 00 00 00 00 00 00 00 00 00 00 00 00 00 00 00 00 00 00 00 00 00 00 00 00 00 00 00 00 00 00 00 00 00 00
   進度: 59% (22/37 包)
📤 USB 發送: 00 00 00 00 31 00 00 00 83 BB 2F A7 A6 00 6A C5 8F FD EE 68 45 73 44 DE AC 39 BF 2F B4 64 BA C7 1D 6D 03 70 06 0B D3 BD 27 50 D5 D9 94 07 5F 03 BA 12 09 E0 12 C8 3E 6D 6C 72 F5 3B 4C 2E 02 B4
📥 USB 接收: 7A 19 00 00 32 00 00 00 00 00 FF FF FF FF FF FF 5A 5A FF FF FF FF FF FF 00 00 00 00 00 00 00 00 00 00 00 00 00 00 00 00 00 00 00 00 00 00 00 00 00 00 00 00 00 00 00 00 00 00 00 00 00 00 00 00
   進度: 62% (23/37 包)
📤 USB 發送: 00 00 00 00 33 00 00 00 4A C0 D0 79 F2 A4 9E FC F9 6C B7 6C FE 32 06 9C 49 8B AA D1 70 00 1D BD BC E1 05 34 6D 7F 29 C6 BB 45 78 3A 09 8B 04 68 FC 74 D1 34 43 AC 0F DC FB 23 8B 74 B6 0F 53 F4
📥 USB 接收: 84 1C 00 00 34 00 00 00 00 00 FF FF FF FF FF FF 5A 5A FF FF FF FF FF FF 00 00 00 00 00 00 00 00 00 00 00 00 00 00 00 00 00 00 00 00 00 00 00 00 00 00 00 00 00 00 00 00 00 00 00 00 00 00 00 00
   進度: 64% (24/37 包)
📤 USB 發送: 00 00 00 00 35 00 00 00 14 71 06 B3 37 94 19 87 0B BA 88 3F 7A A2 6E 7C E0 EB 97 98 C9 65 51 11 BF 1A 7C 51 8A 96 1A 46 7E 08 9D F8 A1 13 0D 59 F9 AC 5F 22 5D DA 48 98 AF ED 80 21 A3 F5 73 2C
📥 USB 接收: 06 1A 00 00 36 00 00 00 00 00 FF FF FF FF FF FF 5A 5A FF FF FF FF FF FF 00 00 00 00 00 00 00 00 00 00 00 00 00 00 00 00 00 00 00 00 00 00 00 00 00 00 00 00 00 00 00 00 00 00 00 00 00 00 00 00
   進度: 67% (25/37 包)
📤 USB 發送: 00 00 00 00 37 00 00 00 D9 4F 4F B1 CB 29 D7 CC AA D7 7C 2E DE 14 5E 15 AE A3 FE 55 CD B9 72 F4 CD 4B 75 E4 8F 09 CD 6F 1E 0F F4 E9 32 81 A6 6F DB 8A 8F F1 91 90 BC D0 BC 77 80 88 EE EF 33 1E
📥 USB 接收: 28 20 00 00 38 00 00 00 00 00 FF FF FF FF FF FF 5A 5A FF FF FF FF FF FF 00 00 00 00 00 00 00 00 00 00 00 00 00 00 00 00 00 00 00 00 00 00 00 00 00 00 00 00 00 00 00 00 00 00 00 00 00 00 00 00
   進度: 70% (26/37 包)
📤 USB 發送: 00 00 00 00 39 00 00 00 A4 5D 1A 38 A3 AE 68 F1 47 E3 D2 C2 5F 75 9B C9 D8 F8 C2 ED 96 42 24 9C 0C 53 39 92 BD F0 40 AD 2A A9 A1 DB C1 B4 7E C7 D1 F6 07 3F 2C DC 2D 07 30 AD 1B 45 0E 17 3E D7
📥 USB 接收: D0 1C 00 00 3A 00 00 00 00 00 FF FF FF FF FF FF 5A 5A FF FF FF FF FF FF 00 00 00 00 00 00 00 00 00 00 00 00 00 00 00 00 00 00 00 00 00 00 00 00 00 00 00 00 00 00 00 00 00 00 00 00 00 00 00 00
   進度: 72% (27/37 包)
📤 USB 發送: 00 00 00 00 3B 00 00 00 85 58 1E 17 E9 00 2A C7 31 B4 31 FF 00 DB 05 F4 81 E7 33 52 A0 78 0A DF 9F D6 D3 C6 47 BD 69 93 2D B6 E4 23 76 89 B8 59 C1 09 F4 A4 4A 81 CE D9 D8 25 3F 27 FB 2B BF E7
📥 USB 接收: 09 1D 00 00 3C 00 00 00 00 00 FF FF FF FF FF FF 5A 5A FF FF FF FF FF FF 00 00 00 00 00 00 00 00 00 00 00 00 00 00 00 00 00 00 00 00 00 00 00 00 00 00 00 00 00 00 00 00 00 00 00 00 00 00 00 00
   進度: 75% (28/37 包)
📤 USB 發送: 00 00 00 00 3D 00 00 00 34 9C C8 67 A5 00 A4 A6 3D D4 C1 A1 14 5C 99 BE 84 78 57 19 89 94 88 82 6A AE BA 90 AD CC F4 C1 CA 3B 2F 15 B3 77 3A 3C 5E B9 2C DF 72 8E D4 C7 99 C1 9C 06 8A 40 D9 FA
📥 USB 接收: C7 1D 00 00 3E 00 00 00 00 00 FF FF FF FF FF FF 5A 5A FF FF FF FF FF FF 00 00 00 00 00 00 00 00 00 00 00 00 00 00 00 00 00 00 00 00 00 00 00 00 00 00 00 00 00 00 00 00 00 00 00 00 00 00 00 00
   進度: 78% (29/37 包)
📤 USB 發送: 00 00 00 00 3F 00 00 00 15 61 20 71 69 7C F8 47 C9 A8 43 F0 BF F0 1C 37 20 EF 32 AF 85 50 B3 C4 5C CE 9B 2B D7 40 8A 4B 04 E3 D9 F9 7E CD 4D E3 E5 2B ED 49 BD 84 22 77 D2 4C 0E C3 78 99 01 38
📥 USB 接收: B5 1C 00 00 40 00 00 00 00 00 FF FF FF FF FF FF 5A 5A FF FF FF FF FF FF 00 00 00 00 00 00 00 00 00 00 00 00 00 00 00 00 00 00 00 00 00 00 00 00 00 00 00 00 00 00 00 00 00 00 00 00 00 00 00 00
   進度: 81% (30/37 包)
📤 USB 發送: 00 00 00 00 41 00 00 00 3D AD C3 A8 10 95 B4 11 3F 43 26 4C 93 DF 7B 8F F0 F0 A3 D8 24 EE C9 2F EF BD 4D BF 07 A7 A6 25 A3 07 86 26 3A 29 DF 57 7A DF D2 81 F1 69 23 90 6C 8F F9 AA EE EC 9C EB
📥 USB 接收: AD 1E 00 00 42 00 00 00 00 00 FF FF FF FF FF FF 5A 5A FF FF FF FF FF FF 00 00 00 00 00 00 00 00 00 00 00 00 00 00 00 00 00 00 00 00 00 00 00 00 00 00 00 00 00 00 00 00 00 00 00 00 00 00 00 00
   進度: 83% (31/37 包)
📤 USB 發送: 00 00 00 00 43 00 00 00 F3 32 16 66 47 82 5E 88 4E 16 37 27 B0 56 F5 DA E1 56 CF B5 80 66 DF 77 D3 BD 09 0E AD 46 9F 15 17 44 C6 33 EE 49 17 30 77 CA 4B 68 AC 8D 34 FE 04 D7 C0 BB 3F C4 40 15
📥 USB 接收: 4E 1A 00 00 44 00 00 00 00 00 FF FF FF FF FF FF 5A 5A FF FF FF FF FF FF 00 00 00 00 00 00 00 00 00 00 00 00 00 00 00 00 00 00 00 00 00 00 00 00 00 00 00 00 00 00 00 00 00 00 00 00 00 00 00 00
   進度: 86% (32/37 包)
📤 USB 發送: 00 00 00 00 45 00 00 00 83 E2 A5 26 1C E8 2B 14 F7 E7 80 F7 FB EF A0 8D ED CF 6F 9C CF FD 0D EB 33 D5 60 7B C0 00 FE 4E D9 D6 38 50 B9 F7 67 84 4D 94 48 FE 40 6E 03 C1 E1 6B DF 76 81 EE 9D F6
📥 USB 接收: AC 21 00 00 46 00 00 00 00 00 FF FF FF FF FF FF 5A 5A FF FF FF FF FF FF 00 00 00 00 00 00 00 00 00 00 00 00 00 00 00 00 00 00 00 00 00 00 00 00 00 00 00 00 00 00 00 00 00 00 00 00 00 00 00 00
   進度: 89% (33/37 包)
📤 USB 發送: 00 00 00 00 47 00 00 00 B2 28 4B 23 E1 10 94 D5 40 0D B8 C0 9F 03 98 D7 24 47 D6 72 86 E7 7A E2 58 0F 57 FD 2B 12 82 AE 54 33 D2 46 94 BA DA 51 3F 54 D5 02 6D C0 1E 89 BC 9B 6A A1 FC 26 16 0A
📥 USB 接收: 5D 1A 00 00 48 00 00 00 00 00 FF FF FF FF FF FF 5A 5A FF FF FF FF FF FF 00 00 00 00 00 00 00 00 00 00 00 00 00 00 00 00 00 00 00 00 00 00 00 00 00 00 00 00 00 00 00 00 00 00 00 00 00 00 00 00
   進度: 91% (34/37 包)
📤 USB 發送: 00 00 00 00 49 00 00 00 04 FA D2 18 46 60 67 D8 16 82 30 2F CB 98 60 7D 66 2E 14 CB 5D 0D 3A B9 AA B8 F0 7E E0 44 6A 73 09 D1 0A FD 3D D3 D5 8C 28 D7 3A F8 30 82 7D 46 E4 E4 4C 94 BF DD 04 F4
📥 USB 接收: 22 1C 00 00 4A 00 00 00 00 00 FF FF FF FF FF FF 5A 5A FF FF FF FF FF FF 00 00 00 00 00 00 00 00 00 00 00 00 00 00 00 00 00 00 00 00 00 00 00 00 00 00 00 00 00 00 00 00 00 00 00 00 00 00 00 00
   進度: 94% (35/37 包)
📤 USB 發送: 00 00 00 00 4B 00 00 00 05 D3 D5 97 49 74 D0 F8 28 46 48 F6 A4 DD B8 30 30 BE AD 42 8E BC A2 5E 57 FB E0 72 45 1A DA 1A 1E 62 99 BE B4 83 55 EF 09 39 23 1F F3 D2 00 95 E9 FE 07 82 5F 05 92 8C
📥 USB 接收: 69 1C 00 00 4C 00 00 00 00 00 FF FF FF FF FF FF 5A 5A FF FF FF FF FF FF 00 00 00 00 00 00 00 00 00 00 00 00 00 00 00 00 00 00 00 00 00 00 00 00 00 00 00 00 00 00 00 00 00 00 00 00 00 00 00 00
   進度: 97% (36/37 包)
📤 USB 發送: 00 00 00 00 4D 00 00 00 26 66 8A 80 8E 4C 81 C5 92 EA D3 97 50 A9 28 8D AD D2 55 D3 6E A0 33 90 BE BF D8 4B C7 7F 79 0C B5 B8 19 70 48 3C C2 18 00 00 00 00 00 00 00 00 00 00 00 00 00 00 00 00
📥 USB 接收: CE 14 00 00 4E 00 00 00 00 00 FF FF FF FF FF FF 5A 5A FF FF FF FF FF FF 00 00 00 00 00 00 00 00 00 00 00 00 00 00 00 00 00 00 00 00 00 00 00 00 00 00 00 00 00 00 00 00 00 00 00 00 00 00 00 00
   進度: 100% (37/37 包)
✅ Data Flash 更新完成

━━━━━━━━━━━━━━━━━━━━━━━━━━━━━━━━━━━━━━━━
✅ 操作完成: Data Flash 更新完成

🚀 正在啟動應用程式...
🚀 送出 RUN_APROM 命令...
📤 USB 發送: AB 00 00 00 4F 00 00 00 00 00 00 00 00 00 00 00 00 00 00 00 00 00 00 00 00 00 00 00 00 00 00 00 00 00 00 00 00 00 00 00 00 00 00 00 00 00 00 00 00 00 00 00 00 00 00 00 00 00 00 00 00 00 00 00
⏱️ USB 讀取逾時
✅ 設備已重啟進入 APROM
✅ 設備已重啟
━━━━━━━━━━━━━━━━━━━━━━━━━━━━━━━━━━━━━━━━
